// Jest Snapshot v1, https://goo.gl/fbAQLP

exports[`GroupOptionsDropdown рендерится корректно 1`] = `
<button
  className="Button Button_size_s Button_view_ghost Button_width_default Button_form_default Button_withIcon Button_onlyIcon MixFocus"
  onClick={[Function]}
  title="Опции"
  type="button"
>
  <span
    className="Icon Icon_size_xs IconKebab Button-Icon"
  >
    <svg
      className="Icon-Svg"
      viewBox="0 0 12 12"
    >
      <path
        d="M7 2a1 1 0 11-2 0 1 1 0 012 0zm0 4a1 1 0 11-2 0 1 1 0 012 0zm-1 5a1 1 0 100-2 1 1 0 000 2z"
      />
    </svg>
  </span>
</button>
`;
