// Jest Snapshot v1, https://goo.gl/fbAQLP

exports[`CapexSetWrapper рендерится без ошибок 1 1`] = `
<div
  className="BlockWrapper"
>
  <div
    className={
      Object {
        "has": [Function],
        "is": [Function],
        "mix": [Function],
        "split": [Function],
        "state": [Function],
        "toString": [Function],
      }
    }
  >
    <div
      className={
        Object {
          "has": [Function],
          "is": [Function],
          "mix": [Function],
          "split": [Function],
          "state": [Function],
          "toString": [Function],
        }
      }
    >
      <span
        className="Text text text_size_xs text_view_primary"
      >
        CAPEX
      </span>
      <span
        className="Icon Icon_size_xs IconSelect"
      >
        <svg
          className="Icon-Svg"
          viewBox="0 0 12 12"
        >
          <path
            d="M6 8.5L10 4H2l4 4.5z"
          />
        </svg>
      </span>
    </div>
  </div>
  <div
    className={
      Object {
        "has": [Function],
        "is": [Function],
        "mix": [Function],
        "split": [Function],
        "state": [Function],
        "toString": [Function],
      }
    }
  >
    <form
      className={
        Object {
          "has": [Function],
          "is": [Function],
          "mix": [Function],
          "split": [Function],
          "state": [Function],
          "toString": [Function],
        }
      }
      onSubmit={[Function]}
    >
      <div
        className={
          Object {
            "has": [Function],
            "is": [Function],
            "mix": [Function],
            "split": [Function],
            "state": [Function],
            "toString": [Function],
          }
        }
      >
        <div
          className={
            Object {
              "has": [Function],
              "is": [Function],
              "mix": [Function],
              "split": [Function],
              "state": [Function],
              "toString": [Function],
            }
          }
        >
          <div
            className={
              Object {
                "has": [Function],
                "is": [Function],
                "mix": [Function],
                "split": [Function],
                "state": [Function],
                "toString": [Function],
              }
            }
          >
            <label
              className={
                Object {
                  "has": [Function],
                  "is": [Function],
                  "mix": [Function],
                  "split": [Function],
                  "state": [Function],
                  "toString": [Function],
                }
              }
              htmlFor="capexSetreserveValue"
            >
              Величина резерва
            </label>
            <div
              className="TextField TextField_size_s TextField_view_default TextField_form_default TextField_width_full TextField_type_text TextField_withValue"
              onKeyDown={[Function]}
            >
              <input
                autoFocus={false}
                className="TextField-Input"
                id="capexSetreserveValue"
                onBlur={[Function]}
                onChange={[Function]}
                onFocus={[Function]}
                type="text"
                value="38"
              />
              <div
                className="TextField-Side TextField-Side_position_right TextField-Side_type_string"
                title="rub."
              >
                rub.
              </div>
            </div>
          </div>
        </div>
        <div
          className={
            Object {
              "has": [Function],
              "is": [Function],
              "mix": [Function],
              "split": [Function],
              "state": [Function],
              "toString": [Function],
            }
          }
        >
          <div
            className="GroupWrapper"
          >
            <div
              className={
                Object {
                  "has": [Function],
                  "is": [Function],
                  "mix": [Function],
                  "split": [Function],
                  "state": [Function],
                  "toString": [Function],
                }
              }
            >
              <div
                className={
                  Object {
                    "has": [Function],
                    "is": [Function],
                    "mix": [Function],
                    "split": [Function],
                    "state": [Function],
                    "toString": [Function],
                  }
                }
                onClick={[Function]}
                role="presentation"
              >
                <span
                  className="Icon Icon_size_xs IconArrowDown"
                >
                  <svg
                    className="Icon-Svg"
                    viewBox="0 0 12 12"
                  >
                    <path
                      clipRule="evenodd"
                      d="M6.005 8.341L2.03 4.366l.707-.707 3.268 3.268 3.268-3.268.707.707-3.975 3.975z"
                      fillRule="evenodd"
                    />
                  </svg>
                </span>
                <span
                  className="Text text text_size_s text_view_primary"
                >
                  Первоначальный взнос
                </span>
              </div>
              <div
                className={
                  Object {
                    "has": [Function],
                    "is": [Function],
                    "mix": [Function],
                    "split": [Function],
                    "state": [Function],
                    "toString": [Function],
                  }
                }
              >
                <button
                  className="Button Button_size_s Button_view_ghost Button_form_default Button_withIcon Button_onlyIcon MixFocus"
                  onClick={[Function]}
                  title="Опции"
                  type="button"
                >
                  <span
                    className="Icon Icon_size_xs IconKebab Button-Icon"
                  >
                    <svg
                      className="Icon-Svg"
                      viewBox="0 0 16 16"
                    >
                      <path
                        d="M8 4.5c.83 0 1.5-.67 1.5-1.5S8.83 1.5 8 1.5 6.5 2.17 6.5 3 7.17 4.5 8 4.5zm0 2c-.83 0-1.5.67-1.5 1.5S7.17 9.5 8 9.5 9.5 8.83 9.5 8 8.83 6.5 8 6.5zm0 5c-.83 0-1.5.67-1.5 1.5s.67 1.5 1.5 1.5 1.5-.67 1.5-1.5-.67-1.5-1.5-1.5z"
                      />
                    </svg>
                  </span>
                </button>
              </div>
            </div>
            <div
              className={
                Object {
                  "has": [Function],
                  "is": [Function],
                  "mix": [Function],
                  "split": [Function],
                  "state": [Function],
                  "toString": [Function],
                }
              }
            >
              <div
                className={
                  Object {
                    "has": [Function],
                    "is": [Function],
                    "mix": [Function],
                    "split": [Function],
                    "state": [Function],
                    "toString": [Function],
                  }
                }
              >
                <div
                  className={
                    Object {
                      "has": [Function],
                      "is": [Function],
                      "mix": [Function],
                      "split": [Function],
                      "state": [Function],
                      "toString": [Function],
                    }
                  }
                >
                  <label
                    className={
                      Object {
                        "has": [Function],
                        "is": [Function],
                        "mix": [Function],
                        "split": [Function],
                        "state": [Function],
                        "toString": [Function],
                      }
                    }
                    data-testid="label"
                  >
                    Значение разового платежа
                  </label>
                  <div
                    className={
                      Object {
                        "has": [Function],
                        "is": [Function],
                        "mix": [Function],
                        "split": [Function],
                        "state": [Function],
                        "toString": [Function],
                      }
                    }
                  >
                    <div
                      className={
                        Object {
                          "has": [Function],
                          "is": [Function],
                          "mix": [Function],
                          "split": [Function],
                          "state": [Function],
                          "toString": [Function],
                        }
                      }
                    >
                      <div
                        className="TextField TextField_size_s TextField_view_default TextField_form_default TextField_width_full TextField_type_text"
                        data-testid="input"
                        onKeyDown={[Function]}
                      >
                        <input
                          autoFocus={false}
                          className="TextField-Input"
                          id="article_oneTimePaymentValue_1"
                          onBlur={[Function]}
                          onChange={[Function]}
                          onFocus={[Function]}
                          placeholder="Значение"
                          type="text"
                          value=""
                        />
                        <div
                          className="TextField-Side TextField-Side_position_right TextField-Side_type_string"
                          title="rub."
                        >
                          rub.
                        </div>
                      </div>
                    </div>
                    <div
                      className={
                        Object {
                          "has": [Function],
                          "is": [Function],
                          "mix": [Function],
                          "split": [Function],
                          "state": [Function],
                          "toString": [Function],
                        }
                      }
                    >
                      <button
                        className="Button Button_size_s Button_view_ghost Button_form_default Button_withIcon Button_onlyIcon MixFocus"
                        onClick={[Function]}
                        title="Опции"
                        type="button"
                      >
                        <span
                          className="Icon Icon_size_xs IconKebab Button-Icon"
                        >
                          <svg
                            className="Icon-Svg"
                            viewBox="0 0 16 16"
                          >
                            <path
                              d="M8 4.5c.83 0 1.5-.67 1.5-1.5S8.83 1.5 8 1.5 6.5 2.17 6.5 3 7.17 4.5 8 4.5zm0 2c-.83 0-1.5.67-1.5 1.5S7.17 9.5 8 9.5 9.5 8.83 9.5 8 8.83 6.5 8 6.5zm0 5c-.83 0-1.5.67-1.5 1.5s.67 1.5 1.5 1.5 1.5-.67 1.5-1.5-.67-1.5-1.5-1.5z"
                            />
                          </svg>
                        </span>
                      </button>
                    </div>
                  </div>
                </div>
              </div>
            </div>
          </div>
        </div>
      </div>
      <div
        className={
          Object {
            "has": [Function],
            "is": [Function],
            "mix": [Function],
            "split": [Function],
            "state": [Function],
            "toString": [Function],
          }
        }
      >
        <button
          className="Button Button_size_s Button_view_ghost Button_form_default Button_withIcon MixFocus"
          onClick={[Function]}
          type="button"
        >
          <span
            className="Icon Icon_size_xs IconAdd Button-Icon Button-Icon_position_left"
          >
            <svg
              className="Icon-Svg"
              viewBox="0 0 12 12"
            >
              <path
                d="M6 3H5v3H2v1h3v3h1V7h3V6H6V3z"
              />
            </svg>
          </span>
          <span
            className="Button-Label"
          >
            Добавить группу затрат
          </span>
        </button>
      </div>
    </form>
    <div />
  </div>
</div>
`;
