// Jest Snapshot v1, https://goo.gl/fbAQLP

exports[` 1`] = `
<button
  className="Button Button_size_s Button_view_ghost Button_form_default Button_withIcon Button_onlyIcon MixFocus"
  onClick={[Function]}
  title="Опции"
  type="button"
>
  <span
    className="Icon Icon_size_xs IconKebab Button-Icon"
  >
    <svg
      className="Icon-Svg"
      viewBox="0 0 16 16"
    >
      <path
        d="M8 4.5c.83 0 1.5-.67 1.5-1.5S8.83 1.5 8 1.5 6.5 2.17 6.5 3 7.17 4.5 8 4.5zm0 2c-.83 0-1.5.67-1.5 1.5S7.17 9.5 8 9.5 9.5 8.83 9.5 8 8.83 6.5 8 6.5zm0 5c-.83 0-1.5.67-1.5 1.5s.67 1.5 1.5 1.5 1.5-.67 1.5-1.5-.67-1.5-1.5-1.5z"
      />
    </svg>
  </span>
</button>
`;

exports[`ArticleOptionsDropdown рендерится корректно 1`] = `
<button
  className="Button Button_size_s Button_view_ghost Button_form_default Button_withIcon Button_onlyIcon MixFocus"
  onClick={[Function]}
  title="Опции"
  type="button"
>
  <span
    className="Icon Icon_size_xs IconKebab Button-Icon"
  >
    <svg
      className="Icon-Svg"
      viewBox="0 0 16 16"
    >
      <path
        d="M8 4.5c.83 0 1.5-.67 1.5-1.5S8.83 1.5 8 1.5 6.5 2.17 6.5 3 7.17 4.5 8 4.5zm0 2c-.83 0-1.5.67-1.5 1.5S7.17 9.5 8 9.5 9.5 8.83 9.5 8 8.83 6.5 8 6.5zm0 5c-.83 0-1.5.67-1.5 1.5s.67 1.5 1.5 1.5 1.5-.67 1.5-1.5-.67-1.5-1.5-1.5z"
      />
    </svg>
  </span>
</button>
`;
